Application build completed successfully.